../LWIP/Target/ethernetif.c:780:9:ETH_PHY_IO_DeInit	0	static
../LWIP/Target/ethernetif.c:413:14:low_level_output	72	static
../LWIP/Target/ethernetif.c:823:9:ETH_PHY_IO_GetTick	0	static
../LWIP/Target/ethernetif.c:763:9:ETH_PHY_IO_Init	8	static
../LWIP/Target/ethernetif.c:792:9:ETH_PHY_IO_ReadReg	8	static
../LWIP/Target/ethernetif.c:809:9:ETH_PHY_IO_WriteReg	8	static
../LWIP/Target/ethernetif.c:614:6:pbuf_free_custom	8	static
../LWIP/Target/ethernetif.c:506:6:ethernetif_input	40	static
../LWIP/Target/ethernetif.c:202:6:HAL_ETH_RxCpltCallback	0	static
../LWIP/Target/ethernetif.c:211:6:HAL_ETH_TxCpltCallback	0	static
../LWIP/Target/ethernetif.c:220:6:HAL_ETH_ErrorCallback	8	static
../LWIP/Target/ethernetif.c:563:7:ethernetif_init	168	static
../LWIP/Target/ethernetif.c:637:7:sys_now	0	static
../LWIP/Target/ethernetif.c:650:6:HAL_ETH_MspInit	80	static
../LWIP/Target/ethernetif.c:715:6:HAL_ETH_MspDeInit	8	static
../LWIP/Target/ethernetif.c:916:6:HAL_ETH_RxAllocateCallback	24	static
../LWIP/Target/ethernetif.c:939:6:HAL_ETH_RxLinkCallback	8	static,ignoring_inline_asm
../LWIP/Target/ethernetif.c:979:6:HAL_ETH_TxFreeCallback	0	static
../LWIP/Target/ethernetif.c:994:6:sys_lock_tcpip_core	8	static
../LWIP/Target/ethernetif.c:832:6:ethernet_link_thread	144	static
../LWIP/Target/ethernetif.c:999:6:sys_unlock_tcpip_core	0	static
../LWIP/Target/ethernetif.c:1004:6:sys_check_core_locking	16	static,ignoring_inline_asm
../LWIP/Target/ethernetif.c:1025:6:sys_mark_tcpip_thread	8	static
